字符串和编码
对于单个字符的编码
ord()函数获取字符的整数表示，chr()函数把编码转换为对应的字符：
>>> ord('A')
65
>>> ord('中')
20013
>>> chr(66)
'B'
>>> chr(25991)
'文'

如果知道字符的整数编码，还可以用十六进制这么写str：
>>> '\u4e2d\u6587'
'中文'

由于Python的字符串类型是str，在内存中以Unicode表示，一个字符对应若干个字节。如果要在网络上传输，或者保存到磁盘上，就需要把str变为以字节为单位的bytes。
Python对bytes类型的数据用带b前缀的单引号或双引号表示：
以Unicode表示的str通过encode()方法可以编码为指定的bytes，例如：
>>> 'ABC'.encode('ascii')
b'ABC'
>>> '中文'.encode('utf-8')
b'\xe4\xb8\xad\xe6\x96\x87'
含有中文的str无法用ASCII编码，因为中文编码的范围超过了ASCII编码的范围，Python会报错。

在bytes中，无法显示为ASCII字符的字节，用\x##显示。

如果我们从网络或磁盘上读取了字节流，那么读到的数据就是bytes。要把bytes变为str，就需要用decode()方法：
>>> b'ABC'.decode('ascii')
'ABC'
>>> b'\xe4\xb8\xad\xe6\x96\x87'.decode('utf-8')
'中文'

如果bytes中只有一小部分无效的字节，可以传入errors='ignore'忽略错误的字节：
>>> b'\xe4\xb8\xad\xff'.decode('utf-8', errors='ignore')
'中'

格式化
常见的占位符有：
占位符	替换内容
%d	整数
%f	浮点数
%s	字符串
%x	十六进制整数


列表
list是一个可变的有序表，所以，可以往list中追加元素到末尾：
list.append('a')

也可以把元素插入到指定的位置，比如索引号为1的位置：
list.insert(1, 'Jack')

要删除list末尾的元素，用pop()方法：
要删除指定位置的元素，用pop(i)方法，其中i是索引位置：
list.pop(1)

使用dict和set
dict
Python内置了字典：dict的支持，dict全称dictionary，在其他语言中也称为map，使用键-值（key-value）存储，具有极快的查找速度。
由于一个key只能对应一个value，所以，多次对一个key放入value，后面的值会把前面的值冲掉：
如果key不存在，dict就会报错：
要避免key不存在的错误，有两种办法，一是通过in判断key是否存在：
>>> 'Thomas' in d
二是通过dict提供的get()方法，如果key不存在，可以返回None，或者自己指定的value：
>>> d.get('Thomas')
>>> d.get('Thomas', -1)
要删除一个key，用pop(key)方法，对应的value也会从dict中删除：
>>> d.pop('Bob')

set
set和dict类似，也是一组key的集合，但不存储value。由于key不能重复，所以，在set中，没有重复的key。
要创建一个set，需要提供一个list作为输入集合：
通过add(key)方法可以添加元素到set中，可以重复添加，但不会有效果：
>>> s.add(4)
通过remove(key)方法可以删除元素：
>>> s.remove(4)
set可以看成数学意义上的无序和无重复元素的集合，因此，两个set可以做数学意义上的交集、并集等操作：
>>> s1 & s2    交集 两个集合共有的元素
>>> s1 | s2    并集 两个集合合并去重

函数
函数名其实就是指向一个函数对象的引用，完全可以把函数名赋给一个变量，相当于给这个函数起了一个“别名”：
>>> a = abs # 变量a指向abs函数
>>> a(-1) # 所以也可以通过a调用abs函数
默认参数
一是必选参数在前，默认参数在后，否则Python的解释器会报错（思考一下为什么默认参数不能放在必选参数前面）；
二是如何设置默认参数。
当函数有多个参数时，把变化大的参数放前面，变化小的参数放后面。变化小的参数就可以作为默认参数。
可变参数
def calc(*numbers):

关键字参数
而关键字参数允许你传入0个或任意个含参数名的参数，这些关键字参数在函数内部自动组装为一个dict。
def person(name, age, **kw):
    print('name:', name, 'age:', age, 'other:', kw)
>>> extra = {'city': 'Beijing', 'job': 'Engineer'}
>>> person('Jack', 24, **extra)
name: Jack age: 24 other: {'city': 'Beijing', 'job': 'Engineer'}
**extra表示把extra这个dict的所有key-value用关键字参数传入到函数的**kw参数，kw将获得一个dict，
注意kw获得的dict是extra的一份拷贝，对kw的改动不会影响到函数外的extra。

命名关键字参数
对于关键字参数，函数的调用者可以传入任意不受限制的关键字参数。至于到底传入了哪些，就需要在函数内部通过kw检查。
仍以person()函数为例，我们希望检查是否有city和job参数：
def person(name, age, **kw):
    if 'city' in kw:
        # 有city参数
        pass
    if 'job' in kw:
        # 有job参数
        pass
    print('name:', name, 'age:', age, 'other:', kw)
但是调用者仍可以传入不受限制的关键字参数：
>>> person('Jack', 24, city='Beijing', addr='Chaoyang', zipcode=123456)
如果要限制关键字参数的名字，就可以用命名关键字参数，例如，只接收city和job作为关键字参数。这种方式定义的函数如下：
def person(name, age, *, city, job):
    print(name, age, city, job)
和关键字参数**kw不同，命名关键字参数需要一个特殊分隔符*，*后面的参数被视为命名关键字参数。
如果函数定义中已经有了一个可变参数，后面跟着的命名关键字参数就不再需要一个特殊分隔符*了：
def person(name, age, *args, city, job):
    print(name, age, args, city, job)
命名关键字参数必须传入参数名，这和位置参数不同。如果没有传入参数名，调用将报错：
命名关键字参数可以有缺省值，从而简化调用：
def person(name, age, *, city='Beijing', job):
由于命名关键字参数city具有默认值，调用时，可不传入city参数：
>>> person('Jack', 24, job='Engineer')
Jack 24 Beijing Engineer
参数组合
在Python中定义函数，可以用必选参数、默认参数、可变参数、关键字参数和命名关键字参数，这5种参数都可以组合使用。
但是请注意，参数定义的顺序必须是：必选参数、默认参数、可变参数、命名关键字参数和关键字参数。
比如定义一个函数，包含上述若干种参数：
def f1(a, b, c=0, *args, **kw):
    print('a =', a, 'b =', b, 'c =', c, 'args =', args, 'kw =', kw)
def f2(a, b, c=0, *, d, **kw):
    print('a =', a, 'b =', b, 'c =', c, 'd =', d, 'kw =', kw)

递归函数
在函数内部，可以调用其他函数。如果一个函数在内部调用自身本身，这个函数就是递归函数。
def fact(n):
    if n==1:
        return 1
    return n * fact(n - 1)

>>> fact(5)
120
使用递归函数需要注意防止栈溢出。
在计算机中，函数调用是通过栈（stack）这种数据结构实现的，
每当进入一个函数调用，栈就会加一层栈帧，每当函数返回，栈就会减一层栈帧。
由于栈的大小不是无限的，所以，递归调用的次数过多，会导致栈溢出。可以试试fact(1000)：
解决递归调用栈溢出的方法是通过尾递归优化，事实上尾递归和循环的效果是一样的，
所以，把循环看成是一种特殊的尾递归函数也是可以的。
尾递归是指，在函数返回的时候，调用自身本身，并且，return语句不能包含表达式。
这样，编译器或者解释器就可以把尾递归做优化，使递归本身无论调用多少次，都只占用一个栈帧，不会出现栈溢出的情况。
上面的fact(n)函数由于return n * fact(n - 1)引入了乘法表达式，所以就不是尾递归了。
要改成尾递归方式，需要多一点代码，主要是要把每一步的乘积传入到递归函数中：
def fact(n):
    return fact_iter(n, 1)

def fact_iter(num, product):
    if num == 1:
        return product
    return fact_iter(num - 1, num * product)

===> fact_iter(5, 1)
===> fact_iter(4, 5)
===> fact_iter(3, 20)
===> fact_iter(2, 60)
===> fact_iter(1, 120)
===> 120
尾递归调用时，如果做了优化，栈不会增长，因此，无论多少次调用也不会导致栈溢出。
遗憾的是，大多数编程语言没有针对尾递归做优化，Python解释器也没有做优化，
所以，即使把上面的fact(n)函数改成尾递归方式，也会导致栈溢出。

高级特性
切片
迭代
如果给定一个list或tuple，我们可以通过for循环来遍历这个list或tuple，这种遍历我们称为迭代（Iteration）
如何判断一个对象是可迭代对象呢？方法是通过collections模块的Iterable类型判断：
>>> from collections import Iterable
>>> isinstance('abc', Iterable) # str是否可迭代
如果要对list实现类似Java那样的下标循环怎么办？Python内置的enumerate函数可以把一个list变成索引-元素对，
这样就可以在for循环中同时迭代索引和元素本身：
>>> for i, value in enumerate(['A', 'B', 'C']):
...     print(i, value)
...
0 A
1 B
2 C

迭代器
可以直接作用于for循环的对象统称为可迭代对象：Iterable。
一类是集合数据类型，如list、tuple、dict、set、str等；
一类是generator，包括生成器和带yield的generator function。
可以使用isinstance()判断一个对象是否是Iterable对象：

>>> from collections import Iterable
>>> isinstance([], Iterable)

而生成器不但可以作用于for循环，还可以被next()函数不断调用并返回下一个值，
直到最后抛出StopIteration错误表示无法继续返回下一个值了。
可以被next()函数调用并不断返回下一个值的对象称为迭代器：Iterator。
可以使用isinstance()判断一个对象是否是Iterator对象：

>>> from collections import Iterator
>>> isinstance((x for x in range(10)), Iterator)

生成器都是Iterator对象，但list、dict、str虽然是Iterable，却不是Iterator。
把list、dict、str等Iterable变成Iterator可以使用iter()函数：

>>> isinstance(iter([]), Iterator)
True
>>> isinstance(iter('abc'), Iterator)
True


函数式编程

高阶函数

变量可以指向函数
如果一个变量指向了一个函数，那么，可否通过该变量来调用这个函数？用代码验证一下：

>>> f = abs
>>> f(-10)
10
成功！说明变量f现在已经指向了abs函数本身。直接调用abs()函数和调用变量f()完全相同。

如果把abs指向其他对象，会有什么情况发生？

>>> abs = 10
>>> abs(-10)  #会报错

传入函数
既然变量可以指向函数，函数的参数能接收变量，
那么一个函数就可以接收另一个函数作为参数，这种函数就称之为高阶函数。

一个最简单的高阶函数：
def add(x, y, f):
    return f(x) + f(y)

map/reduce
map()函数接收两个参数，一个是函数，一个是Iterable，
map将传入的函数依次作用到序列的每个元素，并把结果作为新的Iterator返回。
>>> def f(x):
...     return x * x
...
>>> r = map(f, [1, 2, 3, 4, 5, 6, 7, 8, 9])
>>> list(r)
[1, 4, 9, 16, 25, 36, 49, 64, 81]

map()作为高阶函数，事实上它把运算规则抽象了，
因此，我们不但可以计算简单的f(x)=x2，还可以计算任意复杂的函数，
比如，把这个list所有数字转为字符串：

>>> list(map(str, [1, 2, 3, 4, 5, 6, 7, 8, 9]))
['1', '2', '3', '4', '5', '6', '7', '8', '9']

示例：
a = ['adam', 'LISA', 'barT']
def f(v):
	v = v.lower().title()
	return v

b = list(map(f,a))
['Adam', 'Lisa', 'Bart']

reduce把一个函数作用在一个序列[x1, x2, x3, ...]上，这个函数必须接收两个参数，
reduce把结果继续和序列的下一个元素做累积计算
比方说对一个序列求和，就可以用reduce实现：

>>> from functools import reduce
>>> def add(x, y):
...     return x + y
...
>>> reduce(add, [1, 3, 5, 7, 9])
25
当然求和运算可以直接用Python内建函数sum()，没必要动用reduce。

filter
Python内建的filter()函数用于过滤序列。

和map()类似，filter()也接收一个函数和一个序列。
和map()不同的是，filter()把传入的函数依次作用于每个元素，
然后根据返回值是True还是False决定保留还是丢弃该元素。
def not_empty(s):
    return s and s.strip()
list(filter(not_empty, ['A', '', 'B', None, 'C', '  ']))
# 结果: ['A', 'B', 'C']
注意到filter()函数返回的是一个Iterator，也就是一个惰性序列，
所以要强迫filter()完成计算结果，需要用list()函数获得所有结果并返回list。

sorted
排序算法
Python内置的sorted()函数就可以对list进行排序：

>>> sorted([36, 5, -12, 9, -21])
[-21, -12, 5, 9, 36]

sorted()函数也是一个高阶函数，它还可以接收一个key函数来实现自定义的排序，
例如按绝对值大小排序：

>>> sorted([36, 5, -12, 9, -21], key=abs)
[5, 9, -12, -21, 36]
对字符串排序，是按照ASCII的大小比较的，由于'Z' < 'a'，结果，大写字母Z会排在小写字母a的前面。
sorted(['bob', 'about', 'Zoo', 'Credit'], key=str.lower)
要进行反向排序，不必改动key函数，可以传入第三个参数reverse=True：
>>> sorted(['bob', 'about', 'Zoo', 'Credit'], key=str.lower, reverse=True)
['Zoo', 'Credit', 'bob', 'about']

返回函数

高阶函数除了可以接受函数作为参数外，还可以把函数作为结果值返回。
我们来实现一个可变参数的求和。通常情况下，求和的函数是这样定义的：
def calc_sum(*args):
    ax = 0
    for n in args:
        ax = ax + n
    return ax
但是，如果不需要立刻求和，而是在后面的代码中，根据需要再计算怎么办？可以不返回求和的结果，而是返回求和的函数：
def lazy_sum(*args):
    def sum():
        ax = 0
        for n in args:
            ax = ax + n
        return ax
    return sum

闭包
内部函数可以看作一个闭包。闭包是一个可以由另一个函数动态生成的函数，并且可以改
变和存储函数外创建的变量的值。
nonlocal  #内部函数使用外层变量（非全局变量）

匿名函数
lambda x: x * x, [1, 2, 3, 4, 5, 6, 7, 8, 9]
关键字lambda表示匿名函数，冒号前面的x表示函数参数。
匿名函数有个限制，就是只能有一个表达式，不用写return，返回值就是该表达式的结果。

用匿名函数有个好处，因为函数没有名字，不必担心函数名冲突。此外，匿名函数也是一个函数对象，也可以把匿名函数赋值给一个变量，再利用变量来调用该函数：
>>> f = lambda x: x * x
>>> f
<function <lambda> at 0x101c6ef28>
>>> f(5)
25

装饰器
在代码运行期间动态增加功能的方式，称之为“装饰器”（Decorator）。
本质上，decorator就是一个返回函数的高阶函数

偏函数
Python的functools模块提供了很多有用的功能，其中一个就是偏函数（Partial function）
>>> import functools
>>> int2 = functools.partial(int, base=2)
>>> int2('1000000')
64
functools.partial的作用就是，把一个函数的某些参数给固定住（也就是设置默认值），返回一个新的函数，调用这个新函数会更简单
但也可以在函数调用时传入其他值：
>>> int2('1000000', base=10)
创建偏函数时，实际上可以接收函数对象、*args和**kw这3个参数
当传入：
int2 = functools.partial(int, base=2)
实际上固定了int()函数的关键字参数base，也就是：
int2('10010')
相当于：
kw = { 'base': 2 }
int('10010', **kw)
当传入：
max2 = functools.partial(max, 10)
实际上会把10作为*args的一部分自动加到左边，也就是：
max2(5, 6, 7)
相当于：
args = (10, 5, 6, 7)
max(*args)


模块
每一个包目录下面都会有一个__init__.py的文件，这个文件是必须存在的，
否则，Python就把这个目录当成普通目录，而不是一个包。
__init__.py可以是空文件，也可以有Python代码，
因为__init__.py本身就是一个模块，而它的模块名就是文件夹名。
模块名要遵循Python变量命名规范，不要使用中文、特殊字符；
模块名不要和系统模块名冲突，最好先查看系统是否已存在该模块，
检查方法是在Python交互环境执行import abc，若成功则说明系统存在此模块。


面向对象编程
面向对象编程——Object Oriented Programming，简称OOP，
是一种程序设计思想。OOP把对象作为程序的基本单元，一个对象包含了数据和操作数据的函数。
面向过程的程序设计把计算机程序视为一系列的命令集合，即一组函数的顺序执行。
为了简化程序设计，面向过程把函数继续切分为子函数，即把大块函数通过切割成小块函数来降低系统的复杂度。

而面向对象的程序设计把计算机程序视为一组对象的集合，
而每个对象都可以接收其他对象发过来的消息，并处理这些消息，
计算机程序的执行就是一系列消息在各个对象之间传递。

我们以一个例子来说明面向过程和面向对象在程序流程上的不同之处。
假设我们要处理学生的成绩表，为了表示一个学生的成绩，面向过程的程序可以用一个dict表示：
std1 = { 'name': 'Michael', 'score': 98 }
std2 = { 'name': 'Bob', 'score': 81 }
而处理学生成绩可以通过函数实现，比如打印学生的成绩：
def print_score(std):
    print('%s: %s' % (std['name'], std['score']))

如果采用面向对象的程序设计思想，我们首选思考的不是程序的执行流程，
而是Student这种数据类型应该被视为一个对象，这个对象拥有name和score这两个属性（Property）。
如果要打印一个学生的成绩，首先必须创建出这个学生对应的对象，
然后，给对象发一个print_score消息，让对象自己把自己的数据打印出来。
class Student(object):

    def __init__(self, name, score):
        self.name = name
        self.score = score

    def print_score(self):
        print('%s: %s' % (self.name, self.score))
给对象发消息实际上就是调用对象对应的关联函数，我们称之为对象的方法（Method）。面向对象的程序写出来就像这样：

bart = Student('Bart Simpson', 59)
lisa = Student('Lisa Simpson', 87)
bart.print_score()
lisa.print_score()

面向对象的设计思想是从自然界中来的，因为在自然界中，类（Class）和实例（Instance）的概念是很自然的。
Class是一种抽象概念，比如我们定义的Class——Student，是指学生这个概念，
而实例（Instance）则是一个个具体的Student，比如，Bart Simpson和Lisa Simpson是两个具体的Student。
所以，面向对象的设计思想是抽象出Class，根据Class创建Instance。
面向对象的抽象程度又比函数要高，因为一个Class既包含数据，又包含操作数据的方法。

类和实例
面向对象最重要的概念就是类（Class）和实例（Instance），必须牢记类是抽象的模板，
比如Student类，而实例是根据类创建出来的一个个具体的“对象”，每个对象都拥有相同的方法，但各自的数据可能不同。
由于类可以起到模板的作用，因此，可以在创建实例的时候，把一些我们认为必须绑定的属性强制填写进去。
通过定义一个特殊的__init__方法，在创建实例的时候，就把name，score等属性绑上去：
class Student(object):

    def __init__(self, name, score):
        self.name = name
        self.score = score
		
注意到__init__方法的第一个参数永远是self，表示创建的实例本身，
因此，在__init__方法内部，就可以把各种属性绑定到self，因为self就指向创建的实例本身。
有了__init__方法，在创建实例的时候，就不能传入空的参数了，必须传入与__init__方法匹配的参数，
但self不需要传，Python解释器自己会把实例变量传进去：
和普通的函数相比，在类中定义的函数只有一点不同，就是第一个参数永远是实例变量self，
并且，调用时，不用传递该参数。
除此之外，类的方法和普通函数没有什么区别，
所以，你仍然可以用默认参数、可变参数、关键字参数和命名关键字参数。




Python3 md5加密
import hashlib
pwd = 'zhonghui123'
m2 = hashlib.md5()
m2.update(pwd.encode("utf-8"))#参数必须是byte类型，否则报Unicode-objects must be encoded before hashing错误
print(m2.hexdigest())
